Component: ARM Compiler 6.16 Tool: armlink [5dfeaa00]

==============================================================================

Image Symbol Table

    Local Symbols

    Symbol Name                              Value     Ov Type        Size  Object(Section)

    ../clib/division.s                       0x00000000   Number         0  aeabi_sdivfast.o ABSOLUTE
    ../clib/division.s                       0x00000000   Number         0  aeabi_sdivfast_div0.o ABSOLUTE
    ../clib/microlib/division.c              0x00000000   Number         0  uidiv.o ABSOLUTE
    ../clib/microlib/division.c              0x00000000   Number         0  uldiv.o ABSOLUTE
    ../clib/microlib/division.c              0x00000000   Number         0  uidiv_div0.o ABSOLUTE
    ../clib/microlib/division.c              0x00000000   Number         0  idiv_div0.o ABSOLUTE
    ../clib/microlib/division.c              0x00000000   Number         0  idiv0.o ABSOLUTE
    ../clib/microlib/init/entry.s            0x00000000   Number         0  entry.o ABSOLUTE
    ../clib/microlib/init/entry.s            0x00000000   Number         0  entry2.o ABSOLUTE
    ../clib/microlib/init/entry.s            0x00000000   Number         0  entry5.o ABSOLUTE
    ../clib/microlib/init/entry.s            0x00000000   Number         0  entry7a.o ABSOLUTE
    ../clib/microlib/init/entry.s            0x00000000   Number         0  entry7b.o ABSOLUTE
    ../clib/microlib/init/entry.s            0x00000000   Number         0  entry8a.o ABSOLUTE
    ../clib/microlib/init/entry.s            0x00000000   Number         0  entry8b.o ABSOLUTE
    ../clib/microlib/init/entry.s            0x00000000   Number         0  entry9a.o ABSOLUTE
    ../clib/microlib/init/entry.s            0x00000000   Number         0  entry9b.o ABSOLUTE
    ../clib/microlib/init/entry.s            0x00000000   Number         0  entry10a.o ABSOLUTE
    ../clib/microlib/init/entry.s            0x00000000   Number         0  entry10b.o ABSOLUTE
    ../clib/microlib/init/entry.s            0x00000000   Number         0  entry11a.o ABSOLUTE
    ../clib/microlib/init/entry.s            0x00000000   Number         0  entry11b.o ABSOLUTE
    ../clib/microlib/longlong.c              0x00000000   Number         0  llshl.o ABSOLUTE
    ../clib/microlib/longlong.c              0x00000000   Number         0  llushr.o ABSOLUTE
    ../clib/microlib/longlong.c              0x00000000   Number         0  llsshr.o ABSOLUTE
    ../clib/microlib/string/memset.c         0x00000000   Number         0  memseta.o ABSOLUTE
    ../clib/microlib/stubs.s                 0x00000000   Number         0  iusefp.o ABSOLUTE
    ../fplib/microlib/d2f.c                  0x00000000   Number         0  d2f.o ABSOLUTE
    ../fplib/microlib/f2d.c                  0x00000000   Number         0  f2d.o ABSOLUTE
    ../fplib/microlib/fpadd.c                0x00000000   Number         0  dadd.o ABSOLUTE
    ../fplib/microlib/fpepilogue.c           0x00000000   Number         0  fepilogue.o ABSOLUTE
    ../fplib/microlib/fpepilogue.c           0x00000000   Number         0  depilogue.o ABSOLUTE
    ../fplib/microlib/fpflt.c                0x00000000   Number         0  ffltui.o ABSOLUTE
    ../fplib/microlib/fpflt.c                0x00000000   Number         0  dfltui.o ABSOLUTE
    ../fplib/microlib/fpmul.c                0x00000000   Number         0  fmul.o ABSOLUTE
    ../fplib/microlib/fpmul.c                0x00000000   Number         0  dmul.o ABSOLUTE
    ..\..\..\IdeSupport\MDK\startup_cw32l010.s 0x00000000   Number         0  startup_cw32l010.o ABSOLUTE
    bsp_adc.c                                0x00000000   Number         0  bsp_adc.o ABSOLUTE
    bsp_button.c                             0x00000000   Number         0  bsp_button.o ABSOLUTE
    bsp_detect.c                             0x00000000   Number         0  bsp_detect.o ABSOLUTE
    bsp_i2c.c                                0x00000000   Number         0  bsp_i2c.o ABSOLUTE
    bsp_oled.c                               0x00000000   Number         0  bsp_oled.o ABSOLUTE
    bsp_oled_text.c                          0x00000000   Number         0  bsp_oled_text.o ABSOLUTE
    bsp_power.c                              0x00000000   Number         0  bsp_power.o ABSOLUTE
    bsp_pwm.c                                0x00000000   Number         0  bsp_pwm.o ABSOLUTE
    bsp_timer.c                              0x00000000   Number         0  bsp_timer.o ABSOLUTE
    cw32l010_adc.c                           0x00000000   Number         0  cw32l010_adc.o ABSOLUTE
    cw32l010_atim.c                          0x00000000   Number         0  cw32l010_atim.o ABSOLUTE
    cw32l010_btim.c                          0x00000000   Number         0  cw32l010_btim.o ABSOLUTE
    cw32l010_flash.c                         0x00000000   Number         0  cw32l010_flash.o ABSOLUTE
    cw32l010_gpio.c                          0x00000000   Number         0  cw32l010_gpio.o ABSOLUTE
    cw32l010_pwr.c                           0x00000000   Number         0  cw32l010_pwr.o ABSOLUTE
    cw32l010_sysctrl.c                       0x00000000   Number         0  cw32l010_sysctrl.o ABSOLUTE
    dc.s                                     0x00000000   Number         0  dc.o ABSOLUTE
    handlers.s                               0x00000000   Number         0  handlers.o ABSOLUTE
    init.s                                   0x00000000   Number         0  init.o ABSOLUTE
    interrupts_cw32l010.c                    0x00000000   Number         0  interrupts_cw32l010.o ABSOLUTE
    main.c                                   0x00000000   Number         0  main.o ABSOLUTE
    retarget.c                               0x00000000   Number         0  retarget.o ABSOLUTE
    system_cw32l010.c                        0x00000000   Number         0  system_cw32l010.o ABSOLUTE
    RESET                                    0x00000000   Section      192  startup_cw32l010.o(RESET)
    .ARM.Collect$$$$00000000                 0x000000c0   Section        0  entry.o(.ARM.Collect$$$$00000000)
    .ARM.Collect$$$$00000001                 0x000000c0   Section        4  entry2.o(.ARM.Collect$$$$00000001)
    .ARM.Collect$$$$00000004                 0x000000c4   Section        4  entry5.o(.ARM.Collect$$$$00000004)
    .ARM.Collect$$$$00000008                 0x000000c8   Section        0  entry7b.o(.ARM.Collect$$$$00000008)
    .ARM.Collect$$$$0000000A                 0x000000c8   Section        0  entry8b.o(.ARM.Collect$$$$0000000A)
    .ARM.Collect$$$$0000000B                 0x000000c8   Section        8  entry9a.o(.ARM.Collect$$$$0000000B)
    __lit__00000000                          0x000000d0   Data           4  entry2.o(.ARM.Collect$$$$00002712)
    .ARM.Collect$$$$0000000D                 0x000000d0   Section        0  entry10a.o(.ARM.Collect$$$$0000000D)
    .ARM.Collect$$$$0000000F                 0x000000d0   Section        0  entry11a.o(.ARM.Collect$$$$0000000F)
    .ARM.Collect$$$$00002712                 0x000000d0   Section        4  entry2.o(.ARM.Collect$$$$00002712)
    .text                                    0x000000d4   Section       40  startup_cw32l010.o(.text)
    .text                                    0x000000fc   Section        0  memseta.o(.text)
    .text                                    0x00000120   Section        0  uidiv_div0.o(.text)
    .text                                    0x00000160   Section       36  init.o(.text)
    [Anonymous Symbol]                       0x00000184   Section        0  cw32l010_adc.o(.text.ADC_ClearITPendingAll)
    [Anonymous Symbol]                       0x0000018c   Section        0  cw32l010_adc.o(.text.ADC_ClearITPendingBit)
    __arm_cp.8_1                             0x000001b4   Number         4  cw32l010_adc.o(.text.ADC_ClearITPendingBit)
    [Anonymous Symbol]                       0x000001b8   Section        0  cw32l010_adc.o(.text.ADC_Enable)
    [Anonymous Symbol]                       0x000001c4   Section        0  cw32l010_adc.o(.text.ADC_GetConversionValue)
    __arm_cp.12_1                            0x000001e0   Number         4  cw32l010_adc.o(.text.ADC_GetConversionValue)
    [Anonymous Symbol]                       0x000001e4   Section        0  interrupts_cw32l010.o(.text.ADC_IRQHandler)
    [Anonymous Symbol]                       0x000001e8   Section        0  cw32l010_adc.o(.text.ADC_Init)
    __arm_cp.1_2                             0x00000324   Number         4  cw32l010_adc.o(.text.ADC_Init)
    __arm_cp.1_3                             0x00000328   Number         4  cw32l010_adc.o(.text.ADC_Init)
    __arm_cp.1_4                             0x0000032c   Number         4  cw32l010_adc.o(.text.ADC_Init)
    __arm_cp.1_5                             0x00000330   Number         4  cw32l010_adc.o(.text.ADC_Init)
    __arm_cp.1_6                             0x00000334   Number         4  cw32l010_adc.o(.text.ADC_Init)
    __arm_cp.1_7                             0x00000338   Number         4  cw32l010_adc.o(.text.ADC_Init)
    __arm_cp.1_8                             0x0000033c   Number         4  cw32l010_adc.o(.text.ADC_Init)
    __arm_cp.1_9                             0x00000340   Number         4  cw32l010_adc.o(.text.ADC_Init)
    [Anonymous Symbol]                       0x00000344   Section        0  cw32l010_adc.o(.text.ADC_SoftwareStartConvCmd)
    __arm_cp.10_0                            0x00000370   Number         4  cw32l010_adc.o(.text.ADC_SoftwareStartConvCmd)
    __arm_cp.10_1                            0x00000374   Number         4  cw32l010_adc.o(.text.ADC_SoftwareStartConvCmd)
    [Anonymous Symbol]                       0x00000378   Section        0  cw32l010_atim.o(.text.ATIM_CH2Config)
    [Anonymous Symbol]                       0x0000039c   Section        0  cw32l010_atim.o(.text.ATIM_CH3Config)
    __arm_cp.26_1                            0x000003c4   Number         4  cw32l010_atim.o(.text.ATIM_CH3Config)
    [Anonymous Symbol]                       0x000003c8   Section        0  cw32l010_atim.o(.text.ATIM_Cmd)
    [Anonymous Symbol]                       0x000003d8   Section        0  cw32l010_atim.o(.text.ATIM_CtrlPWMOutputs)
    __arm_cp.42_1                            0x00000400   Number         4  cw32l010_atim.o(.text.ATIM_CtrlPWMOutputs)
    [Anonymous Symbol]                       0x00000404   Section        0  interrupts_cw32l010.o(.text.ATIM_IRQHandler)
    [Anonymous Symbol]                       0x00000408   Section        0  cw32l010_atim.o(.text.ATIM_Init)
    __arm_cp.1_1                             0x00000488   Number         4  cw32l010_atim.o(.text.ATIM_Init)
    __arm_cp.1_2                             0x0000048c   Number         4  cw32l010_atim.o(.text.ATIM_Init)
    [Anonymous Symbol]                       0x00000490   Section        0  cw32l010_atim.o(.text.ATIM_OC1Init)
    [Anonymous Symbol]                       0x00000574   Section        0  cw32l010_atim.o(.text.ATIM_OC2Init)
    __arm_cp.19_1                            0x00000660   Number         4  cw32l010_atim.o(.text.ATIM_OC2Init)
    [Anonymous Symbol]                       0x00000664   Section        0  cw32l010_atim.o(.text.ATIM_OC3Init)
    __arm_cp.20_0                            0x0000074c   Number         4  cw32l010_atim.o(.text.ATIM_OC3Init)
    __arm_cp.20_1                            0x00000750   Number         4  cw32l010_atim.o(.text.ATIM_OC3Init)
    [Anonymous Symbol]                       0x00000754   Section        0  cw32l010_atim.o(.text.ATIM_SetCompare1)
    __arm_cp.36_0                            0x0000075c   Number         4  cw32l010_atim.o(.text.ATIM_SetCompare1)
    [Anonymous Symbol]                       0x00000760   Section        0  cw32l010_atim.o(.text.ATIM_SetCompare2)
    __arm_cp.37_0                            0x00000768   Number         4  cw32l010_atim.o(.text.ATIM_SetCompare2)
    [Anonymous Symbol]                       0x0000076c   Section        0  cw32l010_atim.o(.text.ATIM_SetCompare3)
    __arm_cp.38_0                            0x00000774   Number         4  cw32l010_atim.o(.text.ATIM_SetCompare3)
    [Anonymous Symbol]                       0x00000778   Section        0  main.o(.text.App_Task1ms)
    __arm_cp.1_0                             0x000009e0   Number         4  main.o(.text.App_Task1ms)
    __arm_cp.1_1                             0x000009e4   Number         4  main.o(.text.App_Task1ms)
    __arm_cp.1_2                             0x000009e8   Number         4  main.o(.text.App_Task1ms)
    __arm_cp.1_3                             0x000009ec   Number         4  main.o(.text.App_Task1ms)
    __arm_cp.1_4                             0x000009f0   Number         4  main.o(.text.App_Task1ms)
    [Anonymous Symbol]                       0x000009f4   Section        0  bsp_adc.o(.text.BSP_ADC_Init)
    __arm_cp.0_0                             0x00000a50   Number         4  bsp_adc.o(.text.BSP_ADC_Init)
    __arm_cp.0_2                             0x00000a54   Number         4  bsp_adc.o(.text.BSP_ADC_Init)
    [Anonymous Symbol]                       0x00000a58   Section        0  bsp_adc.o(.text.BSP_ADC_ReadVbatMv)
    __arm_cp.1_0                             0x00000b68   Number         4  bsp_adc.o(.text.BSP_ADC_ReadVbatMv)
    __arm_cp.1_1                             0x00000b6c   Number         4  bsp_adc.o(.text.BSP_ADC_ReadVbatMv)
    __arm_cp.1_2                             0x00000b70   Number         4  bsp_adc.o(.text.BSP_ADC_ReadVbatMv)
    [Anonymous Symbol]                       0x00000b74   Section        0  bsp_button.o(.text.BSP_BTNs_Init)
    __arm_cp.0_3                             0x00000bf4   Number         4  bsp_button.o(.text.BSP_BTNs_Init)
    [Anonymous Symbol]                       0x00000bf8   Section        0  bsp_button.o(.text.BSP_BTNs_Scan)
    __arm_cp.1_0                             0x00000cf0   Number         4  bsp_button.o(.text.BSP_BTNs_Scan)
    __arm_cp.1_2                             0x00000cf4   Number         4  bsp_button.o(.text.BSP_BTNs_Scan)
    [Anonymous Symbol]                       0x00000cf8   Section        0  bsp_detect.o(.text.BSP_DETECT_Init)
    __arm_cp.0_0                             0x00000d40   Number         4  bsp_detect.o(.text.BSP_DETECT_Init)
    __arm_cp.0_1                             0x00000d44   Number         4  bsp_detect.o(.text.BSP_DETECT_Init)
    [Anonymous Symbol]                       0x00000d48   Section        0  bsp_detect.o(.text.BSP_DETECT_IsAttached)
    [Anonymous Symbol]                       0x00000d5c   Section        0  bsp_detect.o(.text.BSP_DETECT_Task)
    __arm_cp.1_0                             0x00000db0   Number         4  bsp_detect.o(.text.BSP_DETECT_Task)
    __arm_cp.1_1                             0x00000db4   Number         4  bsp_detect.o(.text.BSP_DETECT_Task)
    [Anonymous Symbol]                       0x00000db8   Section        0  bsp_power.o(.text.BSP_POWER_EnterStop)
    __arm_cp.0_0                             0x00000e94   Number         4  bsp_power.o(.text.BSP_POWER_EnterStop)
    __arm_cp.0_2                             0x00000e98   Number         4  bsp_power.o(.text.BSP_POWER_EnterStop)
    __arm_cp.0_3                             0x00000e9c   Number         4  bsp_power.o(.text.BSP_POWER_EnterStop)
    [Anonymous Symbol]                       0x00000ea0   Section        0  bsp_power.o(.text.BSP_POWER_WakeupInit)
    __arm_cp.1_1                             0x00000ee8   Number         4  bsp_power.o(.text.BSP_POWER_WakeupInit)
    __arm_cp.1_2                             0x00000eec   Number         4  bsp_power.o(.text.BSP_POWER_WakeupInit)
    __arm_cp.1_3                             0x00000ef0   Number         4  bsp_power.o(.text.BSP_POWER_WakeupInit)
    [Anonymous Symbol]                       0x00000ef4   Section        0  bsp_pwm.o(.text.BSP_PWM_Init)
    __arm_cp.1_0                             0x00000fd4   Number         4  bsp_pwm.o(.text.BSP_PWM_Init)
    __arm_cp.1_1                             0x00000fd8   Number         4  bsp_pwm.o(.text.BSP_PWM_Init)
    __arm_cp.1_2                             0x00000fdc   Number         4  bsp_pwm.o(.text.BSP_PWM_Init)
    __arm_cp.1_3                             0x00000fe0   Number         4  bsp_pwm.o(.text.BSP_PWM_Init)
    [Anonymous Symbol]                       0x00000fe4   Section        0  bsp_pwm.o(.text.BSP_PWM_SetDuty)
    __arm_cp.0_0                             0x00001018   Number         4  bsp_pwm.o(.text.BSP_PWM_SetDuty)
    [Anonymous Symbol]                       0x0000101c   Section        0  bsp_timer.o(.text.BSP_TIMER_Init)
    __arm_cp.0_0                             0x00001054   Number         4  bsp_timer.o(.text.BSP_TIMER_Init)
    [Anonymous Symbol]                       0x00001058   Section        0  interrupts_cw32l010.o(.text.BTIM1_IRQHandler)
    [Anonymous Symbol]                       0x00001078   Section        0  interrupts_cw32l010.o(.text.BTIM2_IRQHandler)
    [Anonymous Symbol]                       0x0000107a   Section        0  interrupts_cw32l010.o(.text.BTIM3_IRQHandler)
    [Anonymous Symbol]                       0x0000107c   Section        0  cw32l010_btim.o(.text.BTIM_ClearITPendingBit)
    [Anonymous Symbol]                       0x000010b4   Section        0  cw32l010_btim.o(.text.BTIM_Cmd)
    [Anonymous Symbol]                       0x000010f8   Section        0  cw32l010_btim.o(.text.BTIM_GetITStatus)
    [Anonymous Symbol]                       0x00001134   Section        0  cw32l010_btim.o(.text.BTIM_ITConfig)
    [Anonymous Symbol]                       0x00001188   Section        0  cw32l010_btim.o(.text.BTIM_TimeBaseInit)
    __arm_cp.1_0                             0x00001200   Number         4  cw32l010_btim.o(.text.BTIM_TimeBaseInit)
    __arm_cp.1_1                             0x00001204   Number         4  cw32l010_btim.o(.text.BTIM_TimeBaseInit)
    __arm_cp.1_2                             0x00001208   Number         4  cw32l010_btim.o(.text.BTIM_TimeBaseInit)
    __arm_cp.1_3                             0x0000120c   Number         4  cw32l010_btim.o(.text.BTIM_TimeBaseInit)
    __arm_cp.1_4                             0x00001210   Number         4  cw32l010_btim.o(.text.BTIM_TimeBaseInit)
    __arm_cp.1_5                             0x00001214   Number         4  cw32l010_btim.o(.text.BTIM_TimeBaseInit)
    [Anonymous Symbol]                       0x00001218   Section        0  interrupts_cw32l010.o(.text.CLKFAULT_IRQHandler)
    [Anonymous Symbol]                       0x0000121a   Section        0  interrupts_cw32l010.o(.text.FLASHRAM_IRQHandler)
    [Anonymous Symbol]                       0x0000121c   Section        0  interrupts_cw32l010.o(.text.GPIOA_IRQHandler)
    __arm_cp.9_0                             0x0000122c   Number         4  interrupts_cw32l010.o(.text.GPIOA_IRQHandler)
    [Anonymous Symbol]                       0x00001230   Section        0  interrupts_cw32l010.o(.text.GPIOB_IRQHandler)
    __arm_cp.10_0                            0x00001240   Number         4  interrupts_cw32l010.o(.text.GPIOB_IRQHandler)
    [Anonymous Symbol]                       0x00001244   Section        0  cw32l010_gpio.o(.text.GPIO_Init)
    __arm_cp.0_1                             0x000012f0   Number         4  cw32l010_gpio.o(.text.GPIO_Init)
    [Anonymous Symbol]                       0x000012f4   Section        0  interrupts_cw32l010.o(.text.GTIM1_IRQHandler)
    [Anonymous Symbol]                       0x000012f6   Section        0  interrupts_cw32l010.o(.text.HardFault_Handler)
    [Anonymous Symbol]                       0x000012f8   Section        0  interrupts_cw32l010.o(.text.I2C1_IRQHandler)
    [Anonymous Symbol]                       0x000012fc   Section        0  bsp_i2c.o(.text.I2C_GPIO_Init)
    __arm_cp.0_0                             0x0000135c   Number         4  bsp_i2c.o(.text.I2C_GPIO_Init)
    __arm_cp.0_1                             0x00001360   Number         4  bsp_i2c.o(.text.I2C_GPIO_Init)
    __arm_cp.0_2                             0x00001364   Number         4  bsp_i2c.o(.text.I2C_GPIO_Init)
    I2C_WriteBit                             0x00001369   Thumb Code   200  bsp_i2c.o(.text.I2C_WriteBit)
    [Anonymous Symbol]                       0x00001368   Section        0  bsp_i2c.o(.text.I2C_WriteBit)
    __arm_cp.2_0                             0x00001430   Number         4  bsp_i2c.o(.text.I2C_WriteBit)
    [Anonymous Symbol]                       0x00001434   Section        0  bsp_i2c.o(.text.I2C_WriteData_8bit)
    __arm_cp.1_0                             0x0000157c   Number         4  bsp_i2c.o(.text.I2C_WriteData_8bit)
    __arm_cp.1_1                             0x00001580   Number         4  bsp_i2c.o(.text.I2C_WriteData_8bit)
    [Anonymous Symbol]                       0x00001584   Section        0  interrupts_cw32l010.o(.text.LPTIM_IRQHandler)
    [Anonymous Symbol]                       0x00001586   Section        0  interrupts_cw32l010.o(.text.LVD_IRQHandler)
    [Anonymous Symbol]                       0x00001588   Section        0  interrupts_cw32l010.o(.text.NMI_Handler)
    [Anonymous Symbol]                       0x0000158a   Section        0  bsp_oled.o(.text.OLED_CLS)
    [Anonymous Symbol]                       0x00001594   Section        0  bsp_oled.o(.text.OLED_Fill)
    [Anonymous Symbol]                       0x0000173a   Section        0  bsp_oled.o(.text.OLED_Init)
    [Anonymous Symbol]                       0x00001868   Section        0  bsp_oled.o(.text.OLED_OFF)
    [Anonymous Symbol]                       0x0000188e   Section        0  bsp_oled.o(.text.OLED_ON)
    [Anonymous Symbol]                       0x000018b4   Section        0  bsp_oled.o(.text.OLED_ShowStr)
    __arm_cp.8_0                             0x00001b0c   Number         4  bsp_oled.o(.text.OLED_ShowStr)
    __arm_cp.8_1                             0x00001b10   Number         4  bsp_oled.o(.text.OLED_ShowStr)
    [Anonymous Symbol]                       0x00001b14   Section        0  cw32l010_pwr.o(.text.PWR_Config)
    __arm_cp.0_0                             0x00001b64   Number         4  cw32l010_pwr.o(.text.PWR_Config)
    __arm_cp.0_1                             0x00001b68   Number         4  cw32l010_pwr.o(.text.PWR_Config)
    [Anonymous Symbol]                       0x00001b6c   Section        0  cw32l010_pwr.o(.text.PWR_GotoLpmMode)
    [Anonymous Symbol]                       0x00001b70   Section        0  interrupts_cw32l010.o(.text.PendSV_Handler)
    [Anonymous Symbol]                       0x00001b72   Section        0  interrupts_cw32l010.o(.text.RTC_IRQHandler)
    [Anonymous Symbol]                       0x00001b74   Section        0  interrupts_cw32l010.o(.text.SPI1_IRQHandler)
    [Anonymous Symbol]                       0x00001b76   Section        0  interrupts_cw32l010.o(.text.SVC_Handler)
    [Anonymous Symbol]                       0x00001b78   Section        0  cw32l010_sysctrl.o(.text.SYSCTRL_HSI_Enable)
    __arm_cp.12_0                            0x00001be8   Number         4  cw32l010_sysctrl.o(.text.SYSCTRL_HSI_Enable)
    __arm_cp.12_1                            0x00001bec   Number         4  cw32l010_sysctrl.o(.text.SYSCTRL_HSI_Enable)
    __arm_cp.12_2                            0x00001bf0   Number         4  cw32l010_sysctrl.o(.text.SYSCTRL_HSI_Enable)
    __arm_cp.12_5                            0x00001bf4   Number         4  cw32l010_sysctrl.o(.text.SYSCTRL_HSI_Enable)
    [Anonymous Symbol]                       0x00001bf8   Section        0  interrupts_cw32l010.o(.text.SYSCTRL_IRQHandler)
    [Anonymous Symbol]                       0x00001bfc   Section        0  system_cw32l010.o(.text.SystemInit)
    __arm_cp.1_0                             0x00001c2c   Number         4  system_cw32l010.o(.text.SystemInit)
    __arm_cp.1_1                             0x00001c30   Number         4  system_cw32l010.o(.text.SystemInit)
    __arm_cp.1_2                             0x00001c34   Number         4  system_cw32l010.o(.text.SystemInit)
    __arm_cp.1_3                             0x00001c38   Number         4  system_cw32l010.o(.text.SystemInit)
    __arm_cp.1_4                             0x00001c3c   Number         4  system_cw32l010.o(.text.SystemInit)
    __arm_cp.1_5                             0x00001c40   Number         4  system_cw32l010.o(.text.SystemInit)
    __arm_cp.1_6                             0x00001c44   Number         4  system_cw32l010.o(.text.SystemInit)
    __arm_cp.1_7                             0x00001c48   Number         4  system_cw32l010.o(.text.SystemInit)
    [Anonymous Symbol]                       0x00001c4c   Section        0  interrupts_cw32l010.o(.text.UART1_IRQHandler)
    [Anonymous Symbol]                       0x00001c4e   Section        0  interrupts_cw32l010.o(.text.UART2_IRQHandler)
    [Anonymous Symbol]                       0x00001c50   Section        0  main.o(.text.UI_RefreshValues)
    __arm_cp.3_0                             0x00001de4   Number         4  main.o(.text.UI_RefreshValues)
    __arm_cp.3_1                             0x00001de8   Number         4  main.o(.text.UI_RefreshValues)
    __arm_cp.3_2                             0x00001dec   Number         4  main.o(.text.UI_RefreshValues)
    __arm_cp.3_3                             0x00001df0   Number         4  main.o(.text.UI_RefreshValues)
    __arm_cp.3_8                             0x00001e0c   Number         4  main.o(.text.UI_RefreshValues)
    __arm_cp.3_9                             0x00001e10   Number         4  main.o(.text.UI_RefreshValues)
    [Anonymous Symbol]                       0x00001e14   Section        0  main.o(.text.UI_StaticInit)
    [Anonymous Symbol]                       0x00001f14   Section        0  interrupts_cw32l010.o(.text.VC1_IRQHandler)
    [Anonymous Symbol]                       0x00001f16   Section        0  interrupts_cw32l010.o(.text.VC2_IRQHandler)
    [Anonymous Symbol]                       0x00001f18   Section        0  interrupts_cw32l010.o(.text.WDT_IRQHandler)
    [Anonymous Symbol]                       0x00001f1a   Section        0  main.o(.text.assert_failed)
    [Anonymous Symbol]                       0x00001f1c   Section        0  main.o(.text.main)
    __arm_cp.4_0                             0x00002088   Number         4  main.o(.text.main)
    __arm_cp.4_1                             0x0000208c   Number         4  main.o(.text.main)
    __arm_cp.4_2                             0x00002090   Number         4  main.o(.text.main)
    __arm_cp.4_3                             0x00002094   Number         4  main.o(.text.main)
    __arm_cp.4_4                             0x00002098   Number         4  main.o(.text.main)
    __arm_cp.4_5                             0x0000209c   Number         4  main.o(.text.main)
    __arm_cp.4_6                             0x000020a0   Number         4  main.o(.text.main)
    __arm_cp.4_7                             0x000020a4   Number         4  main.o(.text.main)
    i.__scatterload_copy                     0x000020a8   Section       14  handlers.o(i.__scatterload_copy)
    i.__scatterload_null                     0x000020b6   Section        2  handlers.o(i.__scatterload_null)
    i.__scatterload_zeroinit                 0x000020b8   Section       14  handlers.o(i.__scatterload_zeroinit)
    [Anonymous Symbol]                       0x000028de   Section        0  main.o(.rodata.str1.1)
    [Anonymous Symbol]                       0x000028e8   Section        0  cw32l010_sysctrl.o(.rodata.str1.1)
    [Anonymous Symbol]                       0x00002912   Section        0  cw32l010_atim.o(.rodata.str1.1)
    [Anonymous Symbol]                       0x00002939   Section        0  cw32l010_btim.o(.rodata.str1.1)
    [Anonymous Symbol]                       0x00002965   Section        0  cw32l010_pwr.o(.rodata.str1.1)
    [Anonymous Symbol]                       0x00002990   Section        0  cw32l010_adc.o(.rodata.str1.1)
    [Anonymous Symbol]                       0x20000000   Section        0  main.o(.data..L_MergedGlobals)
    s_state                                  0x20000010   Data           1  bsp_button.o(.bss..L_MergedGlobals)
    [Anonymous Symbol]                       0x20000010   Section        0  bsp_button.o(.bss..L_MergedGlobals)
    s_deb.0                                  0x20000011   Data           1  bsp_button.o(.bss..L_MergedGlobals)
    s_deb.1                                  0x20000012   Data           1  bsp_button.o(.bss..L_MergedGlobals)
    s_deb.2                                  0x20000013   Data           1  bsp_button.o(.bss..L_MergedGlobals)
    s_deb.3                                  0x20000014   Data           1  bsp_button.o(.bss..L_MergedGlobals)
    s_deb.4                                  0x20000015   Data           1  bsp_button.o(.bss..L_MergedGlobals)
    s_stable.0                               0x20000016   Data           1  bsp_button.o(.bss..L_MergedGlobals)
    s_stable.1                               0x20000017   Data           1  bsp_button.o(.bss..L_MergedGlobals)
    s_stable.2                               0x20000018   Data           1  bsp_button.o(.bss..L_MergedGlobals)
    s_stable.3                               0x20000019   Data           1  bsp_button.o(.bss..L_MergedGlobals)
    s_stable.4                               0x2000001a   Data           1  bsp_button.o(.bss..L_MergedGlobals)
    s_raw                                    0x2000001c   Data           2  bsp_detect.o(.bss..L_MergedGlobals)
    [Anonymous Symbol]                       0x2000001c   Section        0  bsp_detect.o(.bss..L_MergedGlobals)
    s_stable                                 0x2000001e   Data           2  bsp_detect.o(.bss..L_MergedGlobals)
    s_cnt                                    0x20000020   Data           4  bsp_detect.o(.bss..L_MergedGlobals)
    [Anonymous Symbol]                       0x20000024   Section        0  main.o(.bss..L_MergedGlobals.18)
    s_cnt_5ms                                0x2000002c   Data           4  main.o(.bss..L_MergedGlobals.18)
    s_cnt_50ms                               0x20000030   Data           4  main.o(.bss..L_MergedGlobals.18)
    s_cnt_200ms                              0x20000034   Data           4  main.o(.bss..L_MergedGlobals.18)
    s_swallow_until                          0x20000038   Data           4  main.o(.bss..L_MergedGlobals.18)
    STACK                                    0x20000040   Section     1024  startup_cw32l010.o(STACK)

    Global Symbols

    Symbol Name                              Value     Ov Type        Size  Object(Section)

    BuildAttributes$$THM_ISAv3M$S$PE$A:L22$X:L11$S22$IEEE1$IW$~IW$USESV6$~STKCKD$USESV7$WCHAR32$ENUMINT$~SHL$OTIME$ROPI$EBA8$MICROLIB$REQ8$PRES8$EABIv2 0x00000000   Number         0  anon$$obj.o ABSOLUTE
    __Vectors                                0x00000000   Data           0  startup_cw32l010.o(RESET)
    __cpp_initialize__aeabi_                  - Undefined Weak Reference
    __cxa_finalize                            - Undefined Weak Reference
    __decompress                              - Undefined Weak Reference
    _clock_init                               - Undefined Weak Reference
    _microlib_exit                            - Undefined Weak Reference
    __Vectors_End                            0x000000c0   Data           0  startup_cw32l010.o(RESET)
    __Vectors_Size                           0x000000c0   Number         0  startup_cw32l010.o ABSOLUTE
    __main                                   0x000000c1   Thumb Code     0  entry.o(.ARM.Collect$$$$00000000)
    _main_stk                                0x000000c1   Thumb Code     0  entry2.o(.ARM.Collect$$$$00000001)
    _main_scatterload                        0x000000c5   Thumb Code     0  entry5.o(.ARM.Collect$$$$00000004)
    __main_after_scatterload                 0x000000c9   Thumb Code     0  entry5.o(.ARM.Collect$$$$00000004)
    _main_clock                              0x000000c9   Thumb Code     0  entry7b.o(.ARM.Collect$$$$00000008)
    _main_cpp_init                           0x000000c9   Thumb Code     0  entry8b.o(.ARM.Collect$$$$0000000A)
    _main_init                               0x000000c9   Thumb Code     0  entry9a.o(.ARM.Collect$$$$0000000B)
    __rt_final_cpp                           0x000000d1   Thumb Code     0  entry10a.o(.ARM.Collect$$$$0000000D)
    __rt_final_exit                          0x000000d1   Thumb Code     0  entry11a.o(.ARM.Collect$$$$0000000F)
    Reset_Handler                            0x000000d5   Thumb Code    14  startup_cw32l010.o(.text)
    SysTick_Handler                          0x000000eb   Thumb Code     2  startup_cw32l010.o(.text)
    __aeabi_memset                           0x000000fd   Thumb Code    14  memseta.o(.text)
    __aeabi_memset4                          0x000000fd   Thumb Code     0  memseta.o(.text)
    __aeabi_memset8                          0x000000fd   Thumb Code     0  memseta.o(.text)
    __aeabi_memclr                           0x0000010b   Thumb Code     4  memseta.o(.text)
    __aeabi_memclr4                          0x0000010b   Thumb Code     0  memseta.o(.text)
    __aeabi_memclr8                          0x0000010b   Thumb Code     0  memseta.o(.text)
    _memset$wrapper                          0x0000010f   Thumb Code    18  memseta.o(.text)
    __aeabi_uidiv                            0x00000121   Thumb Code     0  uidiv_div0.o(.text)
    __aeabi_uidivmod                         0x00000121   Thumb Code    62  uidiv_div0.o(.text)
    __scatterload                            0x00000161   Thumb Code    28  init.o(.text)
    __scatterload_rt2                        0x00000161   Thumb Code     0  init.o(.text)
    ADC_ClearITPendingAll                    0x00000185   Thumb Code     8  cw32l010_adc.o(.text.ADC_ClearITPendingAll)
    ADC_ClearITPendingBit                    0x0000018d   Thumb Code    40  cw32l010_adc.o(.text.ADC_ClearITPendingBit)
    ADC_Enable                               0x000001b9   Thumb Code    12  cw32l010_adc.o(.text.ADC_Enable)
    ADC_GetConversionValue                   0x000001c5   Thumb Code    28  cw32l010_adc.o(.text.ADC_GetConversionValue)
    ADC_IRQHandler                           0x000001e5   Thumb Code     2  interrupts_cw32l010.o(.text.ADC_IRQHandler)
    ADC_Init                                 0x000001e9   Thumb Code   316  cw32l010_adc.o(.text.ADC_Init)
    ADC_SoftwareStartConvCmd                 0x00000345   Thumb Code    44  cw32l010_adc.o(.text.ADC_SoftwareStartConvCmd)
    ATIM_CH2Config                           0x00000379   Thumb Code    36  cw32l010_atim.o(.text.ATIM_CH2Config)
    ATIM_CH3Config                           0x0000039d   Thumb Code    40  cw32l010_atim.o(.text.ATIM_CH3Config)
    ATIM_Cmd                                 0x000003c9   Thumb Code    16  cw32l010_atim.o(.text.ATIM_Cmd)
    ATIM_CtrlPWMOutputs                      0x000003d9   Thumb Code    40  cw32l010_atim.o(.text.ATIM_CtrlPWMOutputs)
    ATIM_IRQHandler                          0x00000405   Thumb Code     2  interrupts_cw32l010.o(.text.ATIM_IRQHandler)
    ATIM_Init                                0x00000409   Thumb Code   128  cw32l010_atim.o(.text.ATIM_Init)
    ATIM_OC1Init                             0x00000491   Thumb Code   228  cw32l010_atim.o(.text.ATIM_OC1Init)
    ATIM_OC2Init                             0x00000575   Thumb Code   236  cw32l010_atim.o(.text.ATIM_OC2Init)
    ATIM_OC3Init                             0x00000665   Thumb Code   232  cw32l010_atim.o(.text.ATIM_OC3Init)
    ATIM_SetCompare1                         0x00000755   Thumb Code     8  cw32l010_atim.o(.text.ATIM_SetCompare1)
    ATIM_SetCompare2                         0x00000761   Thumb Code     8  cw32l010_atim.o(.text.ATIM_SetCompare2)
    ATIM_SetCompare3                         0x0000076d   Thumb Code     8  cw32l010_atim.o(.text.ATIM_SetCompare3)
    App_Task1ms                              0x00000779   Thumb Code   616  main.o(.text.App_Task1ms)
    BSP_ADC_Init                             0x000009f5   Thumb Code    92  bsp_adc.o(.text.BSP_ADC_Init)
    BSP_ADC_ReadVbatMv                       0x00000a59   Thumb Code   272  bsp_adc.o(.text.BSP_ADC_ReadVbatMv)
    BSP_BTNs_Init                            0x00000b75   Thumb Code   128  bsp_button.o(.text.BSP_BTNs_Init)
    BSP_BTNs_Scan                            0x00000bf9   Thumb Code   248  bsp_button.o(.text.BSP_BTNs_Scan)
    BSP_DETECT_Init                          0x00000cf9   Thumb Code    72  bsp_detect.o(.text.BSP_DETECT_Init)
    BSP_DETECT_IsAttached                    0x00000d49   Thumb Code    20  bsp_detect.o(.text.BSP_DETECT_IsAttached)
    BSP_DETECT_Task                          0x00000d5d   Thumb Code    84  bsp_detect.o(.text.BSP_DETECT_Task)
    BSP_POWER_EnterStop                      0x00000db9   Thumb Code   220  bsp_power.o(.text.BSP_POWER_EnterStop)
    BSP_POWER_WakeupInit                     0x00000ea1   Thumb Code    72  bsp_power.o(.text.BSP_POWER_WakeupInit)
    BSP_PWM_Init                             0x00000ef5   Thumb Code   224  bsp_pwm.o(.text.BSP_PWM_Init)
    BSP_PWM_SetDuty                          0x00000fe5   Thumb Code    52  bsp_pwm.o(.text.BSP_PWM_SetDuty)
    BSP_TIMER_Init                           0x0000101d   Thumb Code    56  bsp_timer.o(.text.BSP_TIMER_Init)
    BTIM1_IRQHandler                         0x00001059   Thumb Code    32  interrupts_cw32l010.o(.text.BTIM1_IRQHandler)
    BTIM2_IRQHandler                         0x00001079   Thumb Code     2  interrupts_cw32l010.o(.text.BTIM2_IRQHandler)
    BTIM3_IRQHandler                         0x0000107b   Thumb Code     2  interrupts_cw32l010.o(.text.BTIM3_IRQHandler)
    BTIM_ClearITPendingBit                   0x0000107d   Thumb Code    56  cw32l010_btim.o(.text.BTIM_ClearITPendingBit)
    BTIM_Cmd                                 0x000010b5   Thumb Code    68  cw32l010_btim.o(.text.BTIM_Cmd)
    BTIM_GetITStatus                         0x000010f9   Thumb Code    60  cw32l010_btim.o(.text.BTIM_GetITStatus)
    BTIM_ITConfig                            0x00001135   Thumb Code    84  cw32l010_btim.o(.text.BTIM_ITConfig)
    BTIM_TimeBaseInit                        0x00001189   Thumb Code   120  cw32l010_btim.o(.text.BTIM_TimeBaseInit)
    CLKFAULT_IRQHandler                      0x00001219   Thumb Code     2  interrupts_cw32l010.o(.text.CLKFAULT_IRQHandler)
    FLASHRAM_IRQHandler                      0x0000121b   Thumb Code     2  interrupts_cw32l010.o(.text.FLASHRAM_IRQHandler)
    GPIOA_IRQHandler                         0x0000121d   Thumb Code    16  interrupts_cw32l010.o(.text.GPIOA_IRQHandler)
    GPIOB_IRQHandler                         0x00001231   Thumb Code    16  interrupts_cw32l010.o(.text.GPIOB_IRQHandler)
    GPIO_Init                                0x00001245   Thumb Code   172  cw32l010_gpio.o(.text.GPIO_Init)
    GTIM1_IRQHandler                         0x000012f5   Thumb Code     2  interrupts_cw32l010.o(.text.GTIM1_IRQHandler)
    HardFault_Handler                        0x000012f7   Thumb Code     2  interrupts_cw32l010.o(.text.HardFault_Handler)
    I2C1_IRQHandler                          0x000012f9   Thumb Code     2  interrupts_cw32l010.o(.text.I2C1_IRQHandler)
    I2C_GPIO_Init                            0x000012fd   Thumb Code    96  bsp_i2c.o(.text.I2C_GPIO_Init)
    I2C_WriteData_8bit                       0x00001435   Thumb Code   328  bsp_i2c.o(.text.I2C_WriteData_8bit)
    LPTIM_IRQHandler                         0x00001585   Thumb Code     2  interrupts_cw32l010.o(.text.LPTIM_IRQHandler)
    LVD_IRQHandler                           0x00001587   Thumb Code     2  interrupts_cw32l010.o(.text.LVD_IRQHandler)
    NMI_Handler                              0x00001589   Thumb Code     2  interrupts_cw32l010.o(.text.NMI_Handler)
    OLED_CLS                                 0x0000158b   Thumb Code    10  bsp_oled.o(.text.OLED_CLS)
    OLED_Fill                                0x00001595   Thumb Code   422  bsp_oled.o(.text.OLED_Fill)
    OLED_Init                                0x0000173b   Thumb Code   302  bsp_oled.o(.text.OLED_Init)
    OLED_OFF                                 0x00001869   Thumb Code    38  bsp_oled.o(.text.OLED_OFF)
    OLED_ON                                  0x0000188f   Thumb Code    38  bsp_oled.o(.text.OLED_ON)
    OLED_ShowStr                             0x000018b5   Thumb Code   600  bsp_oled.o(.text.OLED_ShowStr)
    PWR_Config                               0x00001b15   Thumb Code    80  cw32l010_pwr.o(.text.PWR_Config)
    PWR_GotoLpmMode                          0x00001b6d   Thumb Code     4  cw32l010_pwr.o(.text.PWR_GotoLpmMode)
    PendSV_Handler                           0x00001b71   Thumb Code     2  interrupts_cw32l010.o(.text.PendSV_Handler)
    RTC_IRQHandler                           0x00001b73   Thumb Code     2  interrupts_cw32l010.o(.text.RTC_IRQHandler)
    SPI1_IRQHandler                          0x00001b75   Thumb Code     2  interrupts_cw32l010.o(.text.SPI1_IRQHandler)
    SVC_Handler                              0x00001b77   Thumb Code     2  interrupts_cw32l010.o(.text.SVC_Handler)
    SYSCTRL_HSI_Enable                       0x00001b79   Thumb Code   112  cw32l010_sysctrl.o(.text.SYSCTRL_HSI_Enable)
    SYSCTRL_IRQHandler                       0x00001bf9   Thumb Code     2  interrupts_cw32l010.o(.text.SYSCTRL_IRQHandler)
    SystemInit                               0x00001bfd   Thumb Code    48  system_cw32l010.o(.text.SystemInit)
    UART1_IRQHandler                         0x00001c4d   Thumb Code     2  interrupts_cw32l010.o(.text.UART1_IRQHandler)
    UART2_IRQHandler                         0x00001c4f   Thumb Code     2  interrupts_cw32l010.o(.text.UART2_IRQHandler)
    UI_RefreshValues                         0x00001c51   Thumb Code   404  main.o(.text.UI_RefreshValues)
    UI_StaticInit                            0x00001e15   Thumb Code   148  main.o(.text.UI_StaticInit)
    VC1_IRQHandler                           0x00001f15   Thumb Code     2  interrupts_cw32l010.o(.text.VC1_IRQHandler)
    VC2_IRQHandler                           0x00001f17   Thumb Code     2  interrupts_cw32l010.o(.text.VC2_IRQHandler)
    WDT_IRQHandler                           0x00001f19   Thumb Code     2  interrupts_cw32l010.o(.text.WDT_IRQHandler)
    assert_failed                            0x00001f1b   Thumb Code     2  main.o(.text.assert_failed)
    main                                     0x00001f1d   Thumb Code   364  main.o(.text.main)
    __scatterload_copy                       0x000020a9   Thumb Code    14  handlers.o(i.__scatterload_copy)
    __scatterload_null                       0x000020b7   Thumb Code     2  handlers.o(i.__scatterload_null)
    __scatterload_zeroinit                   0x000020b9   Thumb Code    14  handlers.o(i.__scatterload_zeroinit)
    F6x8                                     0x000020c6   Data         552  bsp_oled_text.o(.rodata.F6x8)
    F8X16                                    0x000022ee   Data        1520  bsp_oled_text.o(.rodata.F8X16)
    Region$$Table$$Base                      0x000029b8   Number         0  anon$$obj.o(Region$$Table)
    Region$$Table$$Limit                     0x000029d8   Number         0  anon$$obj.o(Region$$Table)
    g_active_grp                             0x20000000   Data           1  main.o(.data..L_MergedGlobals)
    g_power_on                               0x20000001   Data           1  main.o(.data..L_MergedGlobals)
    g_grp1                                   0x20000002   Data           4  main.o(.data..L_MergedGlobals)
    g_grp2                                   0x20000006   Data           4  main.o(.data..L_MergedGlobals)
    SystemCoreClock                          0x2000000c   Data           4  system_cw32l010.o(.data.SystemCoreClock)
    g_ui_req                                 0x20000024   Data           1  main.o(.bss..L_MergedGlobals.18)
    g_sleep_req                              0x20000025   Data           1  main.o(.bss..L_MergedGlobals.18)
    g_det1                                   0x20000026   Data           1  main.o(.bss..L_MergedGlobals.18)
    g_det2                                   0x20000027   Data           1  main.o(.bss..L_MergedGlobals.18)
    g_vbat_mv                                0x20000028   Data           2  main.o(.bss..L_MergedGlobals.18)
    g_ms_tick                                0x2000003c   Data           4  bsp_timer.o(.bss.g_ms_tick)
    __initial_sp                             0x20000440   Data           0  startup_cw32l010.o(STACK)



==============================================================================

Memory Map of the image

  Image Entry point : 0x000000c1

  Load Region LR_IROM1 (Base: 0x00000000, Size: 0x000029e8, Max: 0x00010000, ABSOLUTE)

    Execution Region ER_IROM1 (Exec base: 0x00000000, Load base: 0x00000000, Size: 0x000029d8, Max: 0x00010000, ABSOLUTE)

    Exec Addr    Load Addr    Size         Type   Attr      Idx    E Section Name        Object

    0x00000000   0x00000000   0x000000c0   Data   RO            3    RESET               startup_cw32l010.o
    0x000000c0   0x000000c0   0x00000000   Code   RO          664  * .ARM.Collect$$$$00000000  mc_p.l(entry.o)
    0x000000c0   0x000000c0   0x00000004   Code   RO          691    .ARM.Collect$$$$00000001  mc_p.l(entry2.o)
    0x000000c4   0x000000c4   0x00000004   Code   RO          694    .ARM.Collect$$$$00000004  mc_p.l(entry5.o)
    0x000000c8   0x000000c8   0x00000000   Code   RO          696    .ARM.Collect$$$$00000008  mc_p.l(entry7b.o)
    0x000000c8   0x000000c8   0x00000000   Code   RO          698    .ARM.Collect$$$$0000000A  mc_p.l(entry8b.o)
    0x000000c8   0x000000c8   0x00000008   Code   RO          699    .ARM.Collect$$$$0000000B  mc_p.l(entry9a.o)
    0x000000d0   0x000000d0   0x00000000   Code   RO          701    .ARM.Collect$$$$0000000D  mc_p.l(entry10a.o)
    0x000000d0   0x000000d0   0x00000000   Code   RO          703    .ARM.Collect$$$$0000000F  mc_p.l(entry11a.o)
    0x000000d0   0x000000d0   0x00000004   Code   RO          692    .ARM.Collect$$$$00002712  mc_p.l(entry2.o)
    0x000000d4   0x000000d4   0x00000028   Code   RO            4    .text               startup_cw32l010.o
    0x000000fc   0x000000fc   0x00000024   Code   RO          675    .text               mc_p.l(memseta.o)
    0x00000120   0x00000120   0x0000003e   Code   RO          709    .text               mc_p.l(uidiv_div0.o)
    0x0000015e   0x0000015e   0x00000002   PAD
    0x00000160   0x00000160   0x00000024   Code   RO          728    .text               mc_p.l(init.o)
    0x00000184   0x00000184   0x00000008   Code   RO          610    .text.ADC_ClearITPendingAll  cw32l010_adc.o
    0x0000018c   0x0000018c   0x0000002c   Code   RO          612    .text.ADC_ClearITPendingBit  cw32l010_adc.o
    0x000001b8   0x000001b8   0x0000000c   Code   RO          600    .text.ADC_Enable    cw32l010_adc.o
    0x000001c4   0x000001c4   0x00000020   Code   RO          620    .text.ADC_GetConversionValue  cw32l010_adc.o
    0x000001e4   0x000001e4   0x00000002   Code   RO           70    .text.ADC_IRQHandler  interrupts_cw32l010.o
    0x000001e6   0x000001e6   0x00000002   PAD
    0x000001e8   0x000001e8   0x0000015c   Code   RO          598    .text.ADC_Init      cw32l010_adc.o
    0x00000344   0x00000344   0x00000034   Code   RO          616    .text.ADC_SoftwareStartConvCmd  cw32l010_adc.o
    0x00000378   0x00000378   0x00000024   Code   RO          465    .text.ATIM_CH2Config  cw32l010_atim.o
    0x0000039c   0x0000039c   0x0000002c   Code   RO          467    .text.ATIM_CH3Config  cw32l010_atim.o
    0x000003c8   0x000003c8   0x00000010   Code   RO          419    .text.ATIM_Cmd      cw32l010_atim.o
    0x000003d8   0x000003d8   0x0000002c   Code   RO          499    .text.ATIM_CtrlPWMOutputs  cw32l010_atim.o
    0x00000404   0x00000404   0x00000002   Code   RO           72    .text.ATIM_IRQHandler  interrupts_cw32l010.o
    0x00000406   0x00000406   0x00000002   PAD
    0x00000408   0x00000408   0x00000088   Code   RO          417    .text.ATIM_Init     cw32l010_atim.o
    0x00000490   0x00000490   0x000000e4   Code   RO          451    .text.ATIM_OC1Init  cw32l010_atim.o
    0x00000574   0x00000574   0x000000f0   Code   RO          453    .text.ATIM_OC2Init  cw32l010_atim.o
    0x00000664   0x00000664   0x000000f0   Code   RO          455    .text.ATIM_OC3Init  cw32l010_atim.o
    0x00000754   0x00000754   0x0000000c   Code   RO          487    .text.ATIM_SetCompare1  cw32l010_atim.o
    0x00000760   0x00000760   0x0000000c   Code   RO          489    .text.ATIM_SetCompare2  cw32l010_atim.o
    0x0000076c   0x0000076c   0x0000000c   Code   RO          491    .text.ATIM_SetCompare3  cw32l010_atim.o
    0x00000778   0x00000778   0x0000027c   Code   RO           28    .text.App_Task1ms   main.o
    0x000009f4   0x000009f4   0x00000064   Code   RO          179    .text.BSP_ADC_Init  bsp_adc.o
    0x00000a58   0x00000a58   0x0000011c   Code   RO          181    .text.BSP_ADC_ReadVbatMv  bsp_adc.o
    0x00000b74   0x00000b74   0x00000084   Code   RO          191    .text.BSP_BTNs_Init  bsp_button.o
    0x00000bf8   0x00000bf8   0x00000100   Code   RO          193    .text.BSP_BTNs_Scan  bsp_button.o
    0x00000cf8   0x00000cf8   0x00000050   Code   RO          227    .text.BSP_DETECT_Init  bsp_detect.o
    0x00000d48   0x00000d48   0x00000014   Code   RO          231    .text.BSP_DETECT_IsAttached  bsp_detect.o
    0x00000d5c   0x00000d5c   0x0000005c   Code   RO          229    .text.BSP_DETECT_Task  bsp_detect.o
    0x00000db8   0x00000db8   0x000000e8   Code   RO          215    .text.BSP_POWER_EnterStop  bsp_power.o
    0x00000ea0   0x00000ea0   0x00000054   Code   RO          217    .text.BSP_POWER_WakeupInit  bsp_power.o
    0x00000ef4   0x00000ef4   0x000000f0   Code   RO          165    .text.BSP_PWM_Init  bsp_pwm.o
    0x00000fe4   0x00000fe4   0x00000038   Code   RO          163    .text.BSP_PWM_SetDuty  bsp_pwm.o
    0x0000101c   0x0000101c   0x0000003c   Code   RO          206    .text.BSP_TIMER_Init  bsp_timer.o
    0x00001058   0x00001058   0x00000020   Code   RO           82    .text.BTIM1_IRQHandler  interrupts_cw32l010.o
    0x00001078   0x00001078   0x00000002   Code   RO           84    .text.BTIM2_IRQHandler  interrupts_cw32l010.o
    0x0000107a   0x0000107a   0x00000002   Code   RO           86    .text.BTIM3_IRQHandler  interrupts_cw32l010.o
    0x0000107c   0x0000107c   0x00000038   Code   RO          530    .text.BTIM_ClearITPendingBit  cw32l010_btim.o
    0x000010b4   0x000010b4   0x00000044   Code   RO          524    .text.BTIM_Cmd      cw32l010_btim.o
    0x000010f8   0x000010f8   0x0000003c   Code   RO          528    .text.BTIM_GetITStatus  cw32l010_btim.o
    0x00001134   0x00001134   0x00000054   Code   RO          526    .text.BTIM_ITConfig  cw32l010_btim.o
    0x00001188   0x00001188   0x00000090   Code   RO          522    .text.BTIM_TimeBaseInit  cw32l010_btim.o
    0x00001218   0x00001218   0x00000002   Code   RO           96    .text.CLKFAULT_IRQHandler  interrupts_cw32l010.o
    0x0000121a   0x0000121a   0x00000002   Code   RO           62    .text.FLASHRAM_IRQHandler  interrupts_cw32l010.o
    0x0000121c   0x0000121c   0x00000014   Code   RO           66    .text.GPIOA_IRQHandler  interrupts_cw32l010.o
    0x00001230   0x00001230   0x00000014   Code   RO           68    .text.GPIOB_IRQHandler  interrupts_cw32l010.o
    0x00001244   0x00001244   0x000000b0   Code   RO          336    .text.GPIO_Init     cw32l010_gpio.o
    0x000012f4   0x000012f4   0x00000002   Code   RO           78    .text.GTIM1_IRQHandler  interrupts_cw32l010.o
    0x000012f6   0x000012f6   0x00000002   Code   RO           50    .text.HardFault_Handler  interrupts_cw32l010.o
    0x000012f8   0x000012f8   0x00000002   Code   RO           88    .text.I2C1_IRQHandler  interrupts_cw32l010.o
    0x000012fa   0x000012fa   0x00000002   PAD
    0x000012fc   0x000012fc   0x0000006c   Code   RO          105    .text.I2C_GPIO_Init  bsp_i2c.o
    0x00001368   0x00001368   0x000000cc   Code   RO          109    .text.I2C_WriteBit  bsp_i2c.o
    0x00001434   0x00001434   0x00000150   Code   RO          107    .text.I2C_WriteData_8bit  bsp_i2c.o
    0x00001584   0x00001584   0x00000002   Code   RO           80    .text.LPTIM_IRQHandler  interrupts_cw32l010.o
    0x00001586   0x00001586   0x00000002   Code   RO           58    .text.LVD_IRQHandler  interrupts_cw32l010.o
    0x00001588   0x00001588   0x00000002   Code   RO           48    .text.NMI_Handler   interrupts_cw32l010.o
    0x0000158a   0x0000158a   0x0000000a   Code   RO          129    .text.OLED_CLS      bsp_oled.o
    0x00001594   0x00001594   0x000001a6   Code   RO          137    .text.OLED_Fill     bsp_oled.o
    0x0000173a   0x0000173a   0x0000012e   Code   RO          127    .text.OLED_Init     bsp_oled.o
    0x00001868   0x00001868   0x00000026   Code   RO          133    .text.OLED_OFF      bsp_oled.o
    0x0000188e   0x0000188e   0x00000026   Code   RO          131    .text.OLED_ON       bsp_oled.o
    0x000018b4   0x000018b4   0x00000260   Code   RO          139    .text.OLED_ShowStr  bsp_oled.o
    0x00001b14   0x00001b14   0x00000058   Code   RO          583    .text.PWR_Config    cw32l010_pwr.o
    0x00001b6c   0x00001b6c   0x00000004   Code   RO          585    .text.PWR_GotoLpmMode  cw32l010_pwr.o
    0x00001b70   0x00001b70   0x00000002   Code   RO           54    .text.PendSV_Handler  interrupts_cw32l010.o
    0x00001b72   0x00001b72   0x00000002   Code   RO           60    .text.RTC_IRQHandler  interrupts_cw32l010.o
    0x00001b74   0x00001b74   0x00000002   Code   RO           90    .text.SPI1_IRQHandler  interrupts_cw32l010.o
    0x00001b76   0x00001b76   0x00000002   Code   RO           52    .text.SVC_Handler   interrupts_cw32l010.o
    0x00001b78   0x00001b78   0x00000080   Code   RO          266    .text.SYSCTRL_HSI_Enable  cw32l010_sysctrl.o
    0x00001bf8   0x00001bf8   0x00000002   Code   RO           64    .text.SYSCTRL_IRQHandler  interrupts_cw32l010.o
    0x00001bfa   0x00001bfa   0x00000002   PAD
    0x00001bfc   0x00001bfc   0x00000050   Code   RO           13    .text.SystemInit    system_cw32l010.o
    0x00001c4c   0x00001c4c   0x00000002   Code   RO           92    .text.UART1_IRQHandler  interrupts_cw32l010.o
    0x00001c4e   0x00001c4e   0x00000002   Code   RO           94    .text.UART2_IRQHandler  interrupts_cw32l010.o
    0x00001c50   0x00001c50   0x000001c4   Code   RO           32    .text.UI_RefreshValues  main.o
    0x00001e14   0x00001e14   0x00000100   Code   RO           30    .text.UI_StaticInit  main.o
    0x00001f14   0x00001f14   0x00000002   Code   RO           74    .text.VC1_IRQHandler  interrupts_cw32l010.o
    0x00001f16   0x00001f16   0x00000002   Code   RO           76    .text.VC2_IRQHandler  interrupts_cw32l010.o
    0x00001f18   0x00001f18   0x00000002   Code   RO           56    .text.WDT_IRQHandler  interrupts_cw32l010.o
    0x00001f1a   0x00001f1a   0x00000002   Code   RO           26    .text.assert_failed  main.o
    0x00001f1c   0x00001f1c   0x0000018c   Code   RO           34    .text.main          main.o
    0x000020a8   0x000020a8   0x0000000e   Code   RO          732    i.__scatterload_copy  mc_p.l(handlers.o)
    0x000020b6   0x000020b6   0x00000002   Code   RO          733    i.__scatterload_null  mc_p.l(handlers.o)
    0x000020b8   0x000020b8   0x0000000e   Code   RO          734    i.__scatterload_zeroinit  mc_p.l(handlers.o)
    0x000020c6   0x000020c6   0x00000228   Data   RO          156    .rodata.F6x8        bsp_oled_text.o
    0x000022ee   0x000022ee   0x000005f0   Data   RO          157    .rodata.F8X16       bsp_oled_text.o
    0x000028de   0x000028de   0x0000000a   Data   RO           36    .rodata.str1.1      main.o
    0x000028e8   0x000028e8   0x0000002a   Data   RO          327    .rodata.str1.1      cw32l010_sysctrl.o
    0x00002912   0x00002912   0x00000027   Data   RO          511    .rodata.str1.1      cw32l010_atim.o
    0x00002939   0x00002939   0x0000002c   Data   RO          574    .rodata.str1.1      cw32l010_btim.o
    0x00002965   0x00002965   0x0000002b   Data   RO          587    .rodata.str1.1      cw32l010_pwr.o
    0x00002990   0x00002990   0x00000026   Data   RO          642    .rodata.str1.1      cw32l010_adc.o
    0x000029b6   0x000029b6   0x00000002   PAD
    0x000029b8   0x000029b8   0x00000020   Data   RO          731    Region$$Table       anon$$obj.o


    Execution Region RW_IRAM1 (Exec base: 0x20000000, Load base: 0x000029d8, Size: 0x00000440, Max: 0x00001000, ABSOLUTE)

    Exec Addr    Load Addr    Size         Type   Attr      Idx    E Section Name        Object

    0x20000000   0x000029d8   0x0000000a   Data   RW           38    .data..L_MergedGlobals  main.o
    0x2000000a   0x000029e2   0x00000002   PAD
    0x2000000c   0x000029e4   0x00000004   Data   RW           17    .data.SystemCoreClock  system_cw32l010.o
    0x20000010        -       0x0000000b   Zero   RW          197    .bss..L_MergedGlobals  bsp_button.o
    0x2000001b   0x000029e8   0x00000001   PAD
    0x2000001c        -       0x00000008   Zero   RW          233    .bss..L_MergedGlobals  bsp_detect.o
    0x20000024        -       0x00000018   Zero   RW           39    .bss..L_MergedGlobals.18  main.o
    0x2000003c        -       0x00000004   Zero   RW          208    .bss.g_ms_tick      bsp_timer.o
    0x20000040        -       0x00000400   Zero   RW            1    STACK               startup_cw32l010.o


==============================================================================

Image component sizes


      Code (inc. data)   RO Data    RW Data    ZI Data      Debug   Object Name

       384         20          0          0          0      12298   bsp_adc.o
       388         12          0          0         11       9782   bsp_button.o
       192         16          0          0          8       9214   bsp_detect.o
       648         24          0          0          0      14035   bsp_i2c.o
      1418          8          0          0          0      11268   bsp_oled.o
         0          0       2072          0          0        483   bsp_oled_text.o
       316         24          0          0          0      10343   bsp_power.o
       296         20          0          0          0       9599   bsp_pwm.o
        60          4          0          0          4       6035   bsp_timer.o
       496         48         38          0          0      12432   cw32l010_adc.o
      1020         40         39          0          0      21478   cw32l010_atim.o
       412         24         44          0          0      12828   cw32l010_btim.o
       176          4          0          0          0      10070   cw32l010_gpio.o
        92          8         43          0          0       1387   cw32l010_pwr.o
       128         16         42          0          0      19131   cw32l010_sysctrl.o
       116          8          0          0          0       7589   interrupts_cw32l010.o
      1742        208         10         10         24      14822   main.o
        40         14        192          0       1024        652   startup_cw32l010.o
        80         32          0          4          0       5053   system_cw32l010.o

    ----------------------------------------------------------------------
      8012        530       2514         16       1072     188499   Object Totals
         0          0         32          0          0          0   (incl. Generated)
         8          0          2          2          1          0   (incl. Padding)

    ----------------------------------------------------------------------

      Code (inc. data)   RO Data    RW Data    ZI Data      Debug   Library Member Name

         0          0          0          0          0          0   entry.o
         0          0          0          0          0          0   entry10a.o
         0          0          0          0          0          0   entry11a.o
         8          4          0          0          0          0   entry2.o
         4          0          0          0          0          0   entry5.o
         0          0          0          0          0          0   entry7b.o
         0          0          0          0          0          0   entry8b.o
         8          4          0          0          0          0   entry9a.o
        30          0          0          0          0          0   handlers.o
        36          8          0          0          0         68   init.o
        36          0          0          0          0        100   memseta.o
        62          0          0          0          0         72   uidiv_div0.o

    ----------------------------------------------------------------------
       186         16          0          0          0        240   Library Totals
         2          0          0          0          0          0   (incl. Padding)

    ----------------------------------------------------------------------

      Code (inc. data)   RO Data    RW Data    ZI Data      Debug   Library Name

       184         16          0          0          0        240   mc_p.l

    ----------------------------------------------------------------------
       186         16          0          0          0        240   Library Totals

    ----------------------------------------------------------------------

==============================================================================


      Code (inc. data)   RO Data    RW Data    ZI Data      Debug   

      8198        546       2514         16       1072     188571   Grand Totals
      8198        546       2514         16       1072     188571   ELF Image Totals
      8198        546       2514         16          0          0   ROM Totals

==============================================================================

    Total RO  Size (Code + RO Data)                10712 (  10.46kB)
    Total RW  Size (RW Data + ZI Data)              1088 (   1.06kB)
    Total ROM Size (Code + RO Data + RW Data)      10728 (  10.48kB)

==============================================================================

