<html>
<body>
<pre>
<h1>µVision Build Log</h1>
<h2>Tool Versions:</h2>
IDE-Version: ¦ÌVision V5.35.0.0
Copyright (C) 2021 ARM Ltd and ARM Germany GmbH. All rights reserved.
License Information:  ,  , LIC=MPPLD-87BMY-KP1ZY-IFGFH-6AJNP-GGDZZ
 
Tool Versions:
Toolchain:       MDK-ARM Plus  Version: 5.35.0.2
Toolchain Path:  D:\keil5\ARM\ARMCLANG\Bin
C Compiler:      ArmClang.exe V6.16
Assembler:       Armasm.exe V6.16
Linker/Locator:  ArmLink.exe V6.16
Library Manager: ArmAr.exe V6.16
Hex Converter:   FromElf.exe V6.16
CPU DLL:         SARMCM3.DLL V5.35.0.2
Dialog DLL:      DARMCM1.DLL V1.19.4.0
Target DLL:      UL2CM3.DLL V1.164.0.0
Dialog DLL:      TARMCM1.DLL V1.14.4.0
 
<h2>Project:</h2>
C:\Users\35464\Desktop\32learn\CW\Examples\UserApp\MDK\Project.uvprojx
Project File Date:  08/24/2026

<h2>Output:</h2>
*** Using Compiler 'V6.16', folder: 'D:\keil5\ARM\ARMCLANG\Bin'
Build target 'Project'
compiling interrupts_cw32l010.c...
compiling bsp_detect.c...
compiling bsp_button.c...
compiling bsp_pwm.c...
compiling bsp_adc.c...
compiling bsp_power.c...
compiling bsp_i2c.c...
compiling main.c...
linking...
Program Size: Code=8198 RO-data=2514 RW-data=16 ZI-data=1072  
FromELF: creating hex file...
".\output\exe\Project.axf" - 0 Error(s), 0 Warning(s).

<h2>Software Packages used:</h2>

Package Vendor: ARM
                http://www.keil.com/pack/ARM.CMSIS.5.8.0.pack
                ARM.CMSIS.5.8.0
                CMSIS (Common Microcontroller Software Interface Standard)
   * Component: CORE Version: 5.5.0

Package Vendor: WHXY
                
                WHXY.CW32L010_DFP.1.0.2
                CW32 ARM Cortex-M0+ Device Family Pack

<h2>Collection of Component include folders:</h2>
  .\RTE\_Project
  D:\keil5\ARM\CMSIS\5.8.0\CMSIS\Core\Include
  D:\keil5\WHXY\CW32L010_DFP\1.0.2\Device\Include

<h2>Collection of Component Files used:</h2>

   * Component: ARM::CMSIS:CORE:5.5.0
Build Time Elapsed:  00:00:01
</pre>
</body>
</html>
